// Jest Snapshot v1, https://goo.gl/fbAQLP

exports[`Storyshots PlanModal Submit 1`] = `[Function]`;

exports[`Storyshots SimpleToolbar Generic 1`] = `[Function]`;

exports[`Storyshots SpecModal Submit 1`] = `[Function]`;
