// Jest Snapshot v1, https://goo.gl/fbAQLP

exports[`Storyshots SdkConfigModal Submit 1`] = `[Function]`;

exports[`Storyshots SimpleToolbar Generic 1`] = `[Function]`;

exports[`Storyshots SpecModal Submit 1`] = `[Function]`;
